// Jest Snapshot v1, https://goo.gl/fbAQLP

exports[`ResolvePredictionDialog matches snapshot when the current round is not completed 1`] = `
"<ipl-dialog-title-stub title=\\"Resolve Prediction\\"></ipl-dialog-title-stub>
<ipl-error-display-stub class=\\"m-t-8\\"></ipl-error-display-stub>
<div class=\\"ipl-message__wrapper layout horizontal center-vertical ipl-message__type-warning m-t-8\\" data-v-13b37b8d=\\"\\">
  <font-awesome-icon-stub icon=\\"exclamation-triangle\\" border=\\"false\\" fixedwidth=\\"false\\" listitem=\\"false\\" pulse=\\"false\\" swapopacity=\\"false\\" spin=\\"false\\" symbol=\\"false\\" inverse=\\"false\\" class=\\"icon\\" data-v-13b37b8d=\\"\\"></font-awesome-icon-stub>
  <div class=\\"message-content\\" data-v-13b37b8d=\\"\\">
    <!----> The current round has not been completed!
  </div>
</div>
<!--v-if-->
<div class=\\"ipl-space color-dark m-t-8\\" data-v-11398c0e=\\"\\"><label class=\\"ipl-label\\" data-v-7e7be68d=\\"\\"> Team A </label><a class=\\"ipl-button\\" href=\\"javascript:void(0);\\" style=\\"background-color: rgb(97, 85, 189); color: white;\\" data-test=\\"resolve-outcome-1-button\\"><span class=\\"label\\">First Team</span></a><label class=\\"ipl-label winner-label\\" data-v-7e7be68d=\\"\\">Winner - Team B </label><a class=\\"ipl-button\\" href=\\"javascript:void(0);\\" style=\\"background-color: rgb(255, 199, 0); color: rgb(51, 51, 51);\\" data-test=\\"resolve-outcome-2-button\\"><span class=\\"label\\">Second Team</span></a></div>"
`;

exports[`ResolvePredictionDialog matches snapshot when the prediction is not locked 1`] = `
"<ipl-dialog-title-stub title=\\"Resolve Prediction\\"></ipl-dialog-title-stub>
<ipl-error-display-stub class=\\"m-t-8\\"></ipl-error-display-stub>
<div class=\\"ipl-message__wrapper layout horizontal center-vertical ipl-message__type-info m-t-8\\" data-v-13b37b8d=\\"\\">
  <font-awesome-icon-stub icon=\\"info-circle\\" border=\\"false\\" fixedwidth=\\"false\\" listitem=\\"false\\" pulse=\\"false\\" swapopacity=\\"false\\" spin=\\"false\\" symbol=\\"false\\" inverse=\\"false\\" class=\\"icon\\" data-v-13b37b8d=\\"\\"></font-awesome-icon-stub>
  <div class=\\"message-content\\" data-v-13b37b8d=\\"\\">
    <!----> This prediction cannot be resolved right now.
  </div>
</div>"
`;

exports[`ResolvePredictionDialog matches snapshot when the winner cannot be determined automatically 1`] = `
"<ipl-dialog-title-stub title=\\"Resolve Prediction\\"></ipl-dialog-title-stub>
<ipl-error-display-stub class=\\"m-t-8\\"></ipl-error-display-stub>
<div class=\\"ipl-message__wrapper layout horizontal center-vertical ipl-message__type-warning m-t-8\\" data-v-13b37b8d=\\"\\">
  <font-awesome-icon-stub icon=\\"exclamation-triangle\\" border=\\"false\\" fixedwidth=\\"false\\" listitem=\\"false\\" pulse=\\"false\\" swapopacity=\\"false\\" spin=\\"false\\" symbol=\\"false\\" inverse=\\"false\\" class=\\"icon\\" data-v-13b37b8d=\\"\\"></font-awesome-icon-stub>
  <div class=\\"message-content\\" data-v-13b37b8d=\\"\\">
    <!----> The current round has not been completed!
  </div>
</div>
<div class=\\"ipl-message__wrapper layout horizontal center-vertical ipl-message__type-info m-t-8\\" data-v-13b37b8d=\\"\\">
  <font-awesome-icon-stub icon=\\"info-circle\\" border=\\"false\\" fixedwidth=\\"false\\" listitem=\\"false\\" pulse=\\"false\\" swapopacity=\\"false\\" spin=\\"false\\" symbol=\\"false\\" inverse=\\"false\\" class=\\"icon\\" data-v-13b37b8d=\\"\\"></font-awesome-icon-stub>
  <div class=\\"message-content\\" data-v-13b37b8d=\\"\\">
    <!----> Unable to determine the current round's winner. The leading team is unknown team b.
  </div>
</div>
<div class=\\"ipl-space color-dark m-t-8\\" data-v-11398c0e=\\"\\"><label class=\\"ipl-label\\" data-v-7e7be68d=\\"\\"> Team A </label><a class=\\"ipl-button\\" href=\\"javascript:void(0);\\" style=\\"background-color: rgb(97, 85, 189); color: white;\\" data-test=\\"resolve-outcome-1-button\\"><span class=\\"label\\">First Team</span></a><label class=\\"ipl-label\\" data-v-7e7be68d=\\"\\"> Team B </label><a class=\\"ipl-button\\" href=\\"javascript:void(0);\\" style=\\"background-color: rgb(97, 85, 189); color: white;\\" data-test=\\"resolve-outcome-2-button\\"><span class=\\"label\\">Second Team</span></a></div>"
`;

exports[`ResolvePredictionDialog matches snapshot when the winner is determined as team A 1`] = `
"<ipl-dialog-title-stub title=\\"Resolve Prediction\\"></ipl-dialog-title-stub>
<ipl-error-display-stub class=\\"m-t-8\\"></ipl-error-display-stub>
<div class=\\"ipl-message__wrapper layout horizontal center-vertical ipl-message__type-warning m-t-8\\" data-v-13b37b8d=\\"\\">
  <font-awesome-icon-stub icon=\\"exclamation-triangle\\" border=\\"false\\" fixedwidth=\\"false\\" listitem=\\"false\\" pulse=\\"false\\" swapopacity=\\"false\\" spin=\\"false\\" symbol=\\"false\\" inverse=\\"false\\" class=\\"icon\\" data-v-13b37b8d=\\"\\"></font-awesome-icon-stub>
  <div class=\\"message-content\\" data-v-13b37b8d=\\"\\">
    <!----> The current round has not been completed!
  </div>
</div>
<!--v-if-->
<div class=\\"ipl-space color-dark m-t-8\\" data-v-11398c0e=\\"\\"><label class=\\"ipl-label winner-label\\" data-v-7e7be68d=\\"\\">Winner - Team A </label><a class=\\"ipl-button\\" href=\\"javascript:void(0);\\" style=\\"background-color: rgb(255, 199, 0); color: rgb(51, 51, 51);\\" data-test=\\"resolve-outcome-1-button\\"><span class=\\"label\\">First Team</span></a><label class=\\"ipl-label\\" data-v-7e7be68d=\\"\\"> Team B </label><a class=\\"ipl-button\\" href=\\"javascript:void(0);\\" style=\\"background-color: rgb(97, 85, 189); color: white;\\" data-test=\\"resolve-outcome-2-button\\"><span class=\\"label\\">Second Team</span></a></div>"
`;

exports[`ResolvePredictionDialog matches snapshot when the winner is determined as team B 1`] = `
"<ipl-dialog-title-stub title=\\"Resolve Prediction\\"></ipl-dialog-title-stub>
<ipl-error-display-stub class=\\"m-t-8\\"></ipl-error-display-stub>
<div class=\\"ipl-message__wrapper layout horizontal center-vertical ipl-message__type-warning m-t-8\\" data-v-13b37b8d=\\"\\">
  <font-awesome-icon-stub icon=\\"exclamation-triangle\\" border=\\"false\\" fixedwidth=\\"false\\" listitem=\\"false\\" pulse=\\"false\\" swapopacity=\\"false\\" spin=\\"false\\" symbol=\\"false\\" inverse=\\"false\\" class=\\"icon\\" data-v-13b37b8d=\\"\\"></font-awesome-icon-stub>
  <div class=\\"message-content\\" data-v-13b37b8d=\\"\\">
    <!----> The current round has not been completed!
  </div>
</div>
<!--v-if-->
<div class=\\"ipl-space color-dark m-t-8\\" data-v-11398c0e=\\"\\"><label class=\\"ipl-label\\" data-v-7e7be68d=\\"\\"> Team A </label><a class=\\"ipl-button\\" href=\\"javascript:void(0);\\" style=\\"background-color: rgb(97, 85, 189); color: white;\\" data-test=\\"resolve-outcome-1-button\\"><span class=\\"label\\">First Team</span></a><label class=\\"ipl-label winner-label\\" data-v-7e7be68d=\\"\\">Winner - Team B </label><a class=\\"ipl-button\\" href=\\"javascript:void(0);\\" style=\\"background-color: rgb(255, 199, 0); color: rgb(51, 51, 51);\\" data-test=\\"resolve-outcome-2-button\\"><span class=\\"label\\">Second Team</span></a></div>"
`;

exports[`ResolvePredictionDialog matches snapshot when the winner name cannot be determined 1`] = `
"<ipl-dialog-title-stub title=\\"Resolve Prediction\\"></ipl-dialog-title-stub>
<ipl-error-display-stub class=\\"m-t-8\\"></ipl-error-display-stub>
<div class=\\"ipl-message__wrapper layout horizontal center-vertical ipl-message__type-warning m-t-8\\" data-v-13b37b8d=\\"\\">
  <font-awesome-icon-stub icon=\\"exclamation-triangle\\" border=\\"false\\" fixedwidth=\\"false\\" listitem=\\"false\\" pulse=\\"false\\" swapopacity=\\"false\\" spin=\\"false\\" symbol=\\"false\\" inverse=\\"false\\" class=\\"icon\\" data-v-13b37b8d=\\"\\"></font-awesome-icon-stub>
  <div class=\\"message-content\\" data-v-13b37b8d=\\"\\">
    <!----> The current round has not been completed!
  </div>
</div>
<div class=\\"ipl-message__wrapper layout horizontal center-vertical ipl-message__type-info m-t-8\\" data-v-13b37b8d=\\"\\">
  <font-awesome-icon-stub icon=\\"info-circle\\" border=\\"false\\" fixedwidth=\\"false\\" listitem=\\"false\\" pulse=\\"false\\" swapopacity=\\"false\\" spin=\\"false\\" symbol=\\"false\\" inverse=\\"false\\" class=\\"icon\\" data-v-13b37b8d=\\"\\"></font-awesome-icon-stub>
  <div class=\\"message-content\\" data-v-13b37b8d=\\"\\">
    <!----> Unable to determine the current round's winner.
    <!--v-if-->
  </div>
</div>
<div class=\\"ipl-space color-dark m-t-8\\" data-v-11398c0e=\\"\\"><label class=\\"ipl-label\\" data-v-7e7be68d=\\"\\"> Team A </label><a class=\\"ipl-button\\" href=\\"javascript:void(0);\\" style=\\"background-color: rgb(97, 85, 189); color: white;\\" data-test=\\"resolve-outcome-1-button\\"><span class=\\"label\\">First Team</span></a><label class=\\"ipl-label\\" data-v-7e7be68d=\\"\\"> Team B </label><a class=\\"ipl-button\\" href=\\"javascript:void(0);\\" style=\\"background-color: rgb(97, 85, 189); color: white;\\" data-test=\\"resolve-outcome-2-button\\"><span class=\\"label\\">Second Team</span></a></div>"
`;

exports[`ResolvePredictionDialog matches snapshot with missing prediction data 1`] = `
"<ipl-dialog-title-stub title=\\"Resolve Prediction\\"></ipl-dialog-title-stub>
<ipl-error-display-stub class=\\"m-t-8\\"></ipl-error-display-stub>
<div class=\\"ipl-message__wrapper layout horizontal center-vertical ipl-message__type-warning m-t-8\\" data-v-13b37b8d=\\"\\">
  <font-awesome-icon-stub icon=\\"exclamation-triangle\\" border=\\"false\\" fixedwidth=\\"false\\" listitem=\\"false\\" pulse=\\"false\\" swapopacity=\\"false\\" spin=\\"false\\" symbol=\\"false\\" inverse=\\"false\\" class=\\"icon\\" data-v-13b37b8d=\\"\\"></font-awesome-icon-stub>
  <div class=\\"message-content\\" data-v-13b37b8d=\\"\\">
    <!----> No prediction data loaded.
  </div>
</div>"
`;
