// Jest Snapshot v1, https://goo.gl/fbAQLP

exports[`ManualTeamPicker matches snapshot 1`] = `
"<div class=\\"ipl-space color-dark\\" data-v-11398c0e=\\"\\">
  <div class=\\"layout horizontal\\">
    <team-select-stub modelvalue=\\"123123\\" label=\\"Team A\\" data-test=\\"team-a-selector\\"></team-select-stub>
    <team-select-stub modelvalue=\\"345345\\" label=\\"Team B\\" class=\\"m-l-8\\" data-test=\\"team-b-selector\\"></team-select-stub>
  </div>
  <round-select-stub modelvalue=\\"0387\\" class=\\"m-t-8\\"></round-select-stub>
  <ipl-button-stub label=\\"Update\\" color=\\"blue\\" disabled=\\"false\\" async=\\"false\\" progressmessage=\\"Working...\\" successmessage=\\"Done!\\" requiresconfirmation=\\"false\\" shortconfirmationmessage=\\"false\\" small=\\"false\\" disableonsuccess=\\"false\\" href=\\"\\" class=\\"m-t-8\\" data-test=\\"update-button\\"></ipl-button-stub>
</div>"
`;
