// Jest Snapshot v1, https://goo.gl/fbAQLP

exports[`IplErrorDisplay matches snapshot with errors 1`] = `
"<div class="layout vertical center-horizontal">
  <div data-v-c35f7b2a="" class="ipl-message__wrapper ipl-message__type-error error-message" data-test="recent-error-a">
    <font-awesome-icon-stub data-v-c35f7b2a="" icon="[object Object]" border="false" fixedwidth="false" flip="false" listitem="false" pulse="false" swapopacity="false" spin="false" symbol="false" inverse="false" bounce="false" shake="false" beat="false" fade="false" beatfade="false" flash="false" spinpulse="false" spinreverse="false" class="icon"></font-awesome-icon-stub>
    <div data-v-c35f7b2a="" class="message-content"><button data-v-748defd4="" data-v-c35f7b2a="" class="ipl-button has-icon is-transparent inline close-button" style="background-color: transparent;" autocomplete="off">
        <font-awesome-icon-stub data-v-748defd4="" icon="[object Object]" border="false" fixedwidth="true" flip="false" listitem="false" pulse="false" swapopacity="false" spin="false" symbol="false" inverse="false" bounce="false" shake="false" beat="false" fade="false" beatfade="false" flash="false" spinpulse="false" spinreverse="false" class="icon"></font-awesome-icon-stub>
      </button>
      <div class="max-width">Error!</div>
    </div>
  </div>
  <div data-v-c35f7b2a="" class="ipl-message__wrapper ipl-message__type-error error-message m-t-8" data-test="recent-error-b">
    <font-awesome-icon-stub data-v-c35f7b2a="" icon="[object Object]" border="false" fixedwidth="false" flip="false" listitem="false" pulse="false" swapopacity="false" spin="false" symbol="false" inverse="false" bounce="false" shake="false" beat="false" fade="false" beatfade="false" flash="false" spinpulse="false" spinreverse="false" class="icon"></font-awesome-icon-stub>
    <div data-v-c35f7b2a="" class="message-content"><button data-v-748defd4="" data-v-c35f7b2a="" class="ipl-button has-icon is-transparent inline close-button" style="background-color: transparent;" autocomplete="off">
        <font-awesome-icon-stub data-v-748defd4="" icon="[object Object]" border="false" fixedwidth="true" flip="false" listitem="false" pulse="false" swapopacity="false" spin="false" symbol="false" inverse="false" bounce="false" shake="false" beat="false" fade="false" beatfade="false" flash="false" spinpulse="false" spinreverse="false" class="icon"></font-awesome-icon-stub>
      </button>
      <div class="max-width">Error!Error!Error!Error!Error!Error!Error!Error!Error!Error!Error!Error!Error!Error!Error!Error!Error!Error!Error!Error!Error!Error!Error!Error!Error!Error!Error!Error!Error!Error!Error!Error!Error!Error!Error!Error!Error!Error!Error!Error!Error!Error!E...</div>
    </div>
  </div>
</div>"
`;
