// Jest Snapshot v1, https://goo.gl/fbAQLP

exports[`IplSidebar matches snapshot when hidden 1`] = `
"<transition-stub>
  <!--v-if-->
</transition-stub>"
`;

exports[`IplSidebar matches snapshot when visible 1`] = `
"<transition-stub>
  <div class=\\"ipl-sidebar__wrapper\\">
    <div class=\\"background\\"></div>
    <div class=\\"content\\"></div>
  </div>
</transition-stub>"
`;
