// Jest Snapshot v1, https://goo.gl/fbAQLP

exports[`CreatePredictionDialog matches snapshot 1`] = `
"<ipl-dialog-title-stub title="translation:dialogTitle" closingdisabled="false" color="primary"></ipl-dialog-title-stub>
<ipl-error-display-stub class="m-t-8"></ipl-error-display-stub>
<div data-v-d255ffee="" class="ipl-space color-dark m-t-8">
  <div class="layout horizontal">
    <ipl-input-stub name="title" label="translation:titleInput" modelvalue="translation:defaultPredictionTitle" type="text" centered="false" disabled="false" loading="false" theme="default" class="title-input"></ipl-input-stub>
    <ipl-input-stub name="duration" label="translation:durationInputLabel" modelvalue="120" type="number" centered="false" disabled="false" extra="translation:durationInputUnit" loading="false" theme="default" class="m-l-6 duration-input"></ipl-input-stub>
  </div>
  <div class="layout horizontal m-t-4">
    <ipl-input-stub name="team-a-name" label="translation:teamANameInput" modelvalue="cool team A" type="text" centered="false" disabled="false" loading="false" theme="default" class="max-width"></ipl-input-stub>
    <ipl-input-stub name="team-b-name" label="translation:teamBNameInput" modelvalue="cool team B" type="text" centered="false" disabled="false" loading="false" theme="default" class="max-width m-l-6"></ipl-input-stub>
  </div>
  <div class="layout horizontal m-t-8">
    <iploc-button-stub label="translation:createButton" disabled="true" color="green" async="" data-test="create-prediction-button"></iploc-button-stub>
    <iploc-button-stub label="translation:resetButton" color="red" class="m-l-8" data-test="reset-inputs-button"></iploc-button-stub>
  </div>
</div>"
`;

exports[`CreatePredictionDialog matches snapshot when existing prediction is active 1`] = `
"<ipl-dialog-title-stub title="translation:dialogTitle" closingdisabled="false" color="primary"></ipl-dialog-title-stub>
<ipl-error-display-stub class="m-t-8"></ipl-error-display-stub>
<div data-v-c35f7b2a="" class="ipl-message__wrapper ipl-message__type-warning m-t-8">
  <font-awesome-icon-stub data-v-c35f7b2a="" icon="[object Object]" border="false" fixedwidth="false" flip="false" listitem="false" pulse="false" swapopacity="false" spin="false" symbol="false" inverse="false" bounce="false" shake="false" beat="false" fade="false" beatfade="false" flash="false" spinpulse="false" spinreverse="false" class="icon"></font-awesome-icon-stub>
  <div data-v-c35f7b2a="" class="message-content">
    <!---->translation:activePredictionNotResolvedWarning
  </div>
</div>"
`;

exports[`CreatePredictionDialog matches snapshot when existing prediction is locked 1`] = `
"<ipl-dialog-title-stub title="translation:dialogTitle" closingdisabled="false" color="primary"></ipl-dialog-title-stub>
<ipl-error-display-stub class="m-t-8"></ipl-error-display-stub>
<div data-v-c35f7b2a="" class="ipl-message__wrapper ipl-message__type-warning m-t-8">
  <font-awesome-icon-stub data-v-c35f7b2a="" icon="[object Object]" border="false" fixedwidth="false" flip="false" listitem="false" pulse="false" swapopacity="false" spin="false" symbol="false" inverse="false" bounce="false" shake="false" beat="false" fade="false" beatfade="false" flash="false" spinpulse="false" spinreverse="false" class="icon"></font-awesome-icon-stub>
  <div data-v-c35f7b2a="" class="message-content">
    <!---->translation:activePredictionNotResolvedWarning
  </div>
</div>"
`;
