// Jest Snapshot v1, https://goo.gl/fbAQLP

exports[`gameData perGameData matches snapshot 1`] = `
{
  "SPLATOON_2": {
    "colors": [
      {
        "colors": [
          {
            "clrA": "#37FC00",
            "clrB": "#7D28FC",
            "clrNeutral": "#F4067E",
            "index": 0,
            "isCustom": false,
            "title": "Green vs Grape",
          },
          {
            "clrA": "#04D976",
            "clrB": "#D600AB",
            "clrNeutral": "#D2E500",
            "index": 1,
            "isCustom": false,
            "title": "Green vs Magenta",
          },
          {
            "clrA": "#10E38F",
            "clrB": "#FB7B08",
            "clrNeutral": "#6912CD",
            "index": 2,
            "isCustom": false,
            "title": "Turquoise vs Orange",
          },
          {
            "clrA": "#FF9E03",
            "clrB": "#B909E0",
            "clrNeutral": "#08C66B",
            "index": 3,
            "isCustom": false,
            "title": "Mustard vs Purple",
          },
          {
            "clrA": "#2F27CC",
            "clrB": "#37FC00",
            "clrNeutral": "#EA01B7",
            "index": 4,
            "isCustom": false,
            "title": "Dark Blue vs Green",
          },
          {
            "clrA": "#B909E0",
            "clrB": "#37FC00",
            "clrNeutral": "#F87604",
            "index": 5,
            "isCustom": false,
            "title": "Purple vs Green",
          },
          {
            "clrA": "#FEF232",
            "clrB": "#2ED2FE",
            "clrNeutral": "#FD5600",
            "index": 6,
            "isCustom": false,
            "title": "Yellow vs Blue",
          },
        ],
        "meta": {
          "name": "Ranked Modes",
        },
      },
      {
        "colors": [
          {
            "clrA": "#D1E004",
            "clrB": "#960CB2",
            "clrNeutral": "#0EB962",
            "index": 0,
            "isCustom": false,
            "title": "Yellow vs Purple",
          },
          {
            "clrA": "#E61077",
            "clrB": "#361CB8",
            "clrNeutral": "#24C133",
            "index": 1,
            "isCustom": false,
            "title": "Pink vs Blue",
          },
          {
            "clrA": "#ED0C6A",
            "clrB": "#D5E802",
            "clrNeutral": "#08C24D",
            "index": 2,
            "isCustom": false,
            "title": "Pink vs Yellow",
          },
          {
            "clrA": "#6B10CC",
            "clrB": "#08CC81",
            "clrNeutral": "#EB246D",
            "index": 3,
            "isCustom": false,
            "title": "Purple vs Turquoise",
          },
          {
            "clrA": "#E30960",
            "clrB": "#02ADCF",
            "clrNeutral": "#DDE713",
            "index": 4,
            "isCustom": false,
            "title": "Pink vs Light Blue",
          },
          {
            "clrA": "#5617C2",
            "clrB": "#FF5F03",
            "clrNeutral": "#ACE81E",
            "index": 5,
            "isCustom": false,
            "title": "Purple vs Orange",
          },
          {
            "clrA": "#E60572",
            "clrB": "#1BBF0F",
            "clrNeutral": "#CCE50C",
            "index": 6,
            "isCustom": false,
            "title": "Pink vs Green",
          },
          {
            "clrA": "#F1CE33",
            "clrB": "#4B12BE",
            "clrNeutral": "#E62E96",
            "index": 7,
            "isCustom": false,
            "title": "Yellow vs Blue",
          },
        ],
        "meta": {
          "name": "Turf War",
        },
      },
      {
        "colors": [
          {
            "clrA": "#FEF232",
            "clrB": "#2F27CC",
            "clrNeutral": "#DC1589",
            "index": 0,
            "isCustom": false,
            "title": "Yellow vs Blue (Color Lock)",
          },
        ],
        "meta": {
          "name": "Color Lock",
        },
      },
      {
        "colors": [
          {
            "clrA": "#000000",
            "clrB": "#FFFFFF",
            "clrNeutral": "#818181",
            "index": 0,
            "isCustom": true,
            "title": "Custom Color",
          },
        ],
        "meta": {
          "name": "Custom Color",
        },
      },
    ],
    "modes": {
      "DE": {
        "Clam Blitz": "Muschelchaos",
        "Rainmaker": "Operation Goldfisch",
        "Splat Zones": "Herrschaft",
        "Tower Control": "Turmkommando",
        "Turf War": "Revierkampf",
        "Unknown Mode": "Unbekannte Kampfart",
      },
      "EN": {
        "Clam Blitz": "Clam Blitz",
        "Rainmaker": "Rainmaker",
        "Splat Zones": "Splat Zones",
        "Tower Control": "Tower Control",
        "Turf War": "Turf War",
        "Unknown Mode": "Unknown Mode",
      },
      "EU_FR": {
        "Clam Blitz": "Pluie de palourdes",
        "Rainmaker": "Mission Bazookarpe",
        "Splat Zones": "Défense de zone",
        "Tower Control": "Expédition risquée",
        "Turf War": "Guerre de territoire",
        "Unknown Mode": "Mode à déterminer",
      },
      "JA": {
        "Clam Blitz": "ガチアサリ",
        "Rainmaker": "ガチホコバトル",
        "Splat Zones": "ガチエリア",
        "Tower Control": "ガチヤグラ",
        "Turf War": "ナワバリバトル",
        "Unknown Mode": "ルール未選択",
      },
    },
    "stageImagePaths": {
      "Ancho-V Games": "splatoon2/S2_Stage_Ancho-V_Games.webp",
      "Arowana Mall": "splatoon2/S2_Stage_Arowana_Mall.webp",
      "Blackbelly Skatepark": "splatoon2/S2_Stage_Blackbelly_Skatepark.webp",
      "Camp Triggerfish": "splatoon2/S2_Stage_Camp_Triggerfish.webp",
      "Goby Arena": "splatoon2/S2_Stage_Goby_Arena.webp",
      "Humpback Pump Track": "splatoon2/S2_Stage_Humpback_Pump_Track.webp",
      "Inkblot Art Academy": "splatoon2/S2_Stage_Inkblot_Art_Academy.webp",
      "Kelp Dome": "splatoon2/S2_Stage_Kelp_Dome.webp",
      "MakoMart": "splatoon2/S2_Stage_MakoMart.webp",
      "Manta Maria": "splatoon2/S2_Stage_Manta_Maria.webp",
      "Moray Towers": "splatoon2/S2_Stage_Moray_Towers.webp",
      "Musselforge Fitness": "splatoon2/S2_Stage_Musselforge_Fitness.webp",
      "New Albacore Hotel": "splatoon2/S2_Stage_New_Albacore_Hotel.webp",
      "Piranha Pit": "splatoon2/S2_Stage_Piranha_Pit.webp",
      "Port Mackerel": "splatoon2/S2_Stage_Port_Mackerel.webp",
      "Shellendorf Institute": "splatoon2/S2_Stage_Shellendorf_Institute.webp",
      "Shifty Station": "splatoon2/S2_Stage_Shifty_Station.webp",
      "Skipper Pavilion": "splatoon2/S2_Stage_Skipper_Pavilion.webp",
      "Snapper Canal": "splatoon2/S2_Stage_Snapper_Canal.webp",
      "Starfish Mainstage": "splatoon2/S2_Stage_Starfish_Mainstage.webp",
      "Sturgeon Shipyard": "splatoon2/S2_Stage_Sturgeon_Shipyard.webp",
      "The Reef": "splatoon2/S2_Stage_The_Reef.webp",
      "Wahoo World": "splatoon2/S2_Stage_Wahoo_World.webp",
      "Walleye Warehouse": "splatoon2/S2_Stage_Walleye_Warehouse.webp",
    },
    "stages": {
      "DE": {
        "Ancho-V Games": "Anchobit Games HQ",
        "Arowana Mall": "Arowana Center",
        "Blackbelly Skatepark": "Punkasius-Skatepark",
        "Camp Triggerfish": "Camp Schützenfisch",
        "Counterpick": "Counterpick",
        "Goby Arena": "Backfisch-Stadion",
        "Humpback Pump Track": "Buckelwal-Piste",
        "Inkblot Art Academy": "Perlmutt-Akademie",
        "Kelp Dome": "Tümmlerkuppel",
        "MakoMart": "Cetacea-Markt",
        "Manta Maria": "Manta Maria",
        "Moray Towers": "Muränentürme",
        "Musselforge Fitness": "Molluskelbude",
        "New Albacore Hotel": "Hotel Neothun",
        "Piranha Pit": "Steinköhler-Grube",
        "Port Mackerel": "Heilbutt-Hafen",
        "Shellendorf Institute": "Abyssal-Museum",
        "Shifty Station": "Wandelzone",
        "Skipper Pavilion": "Grundel-Pavillon",
        "Snapper Canal": "Grätenkanal",
        "Starfish Mainstage": "Seeigel-Rockbühne",
        "Sturgeon Shipyard": "Störwerft",
        "The Reef": "Korallenviertel",
        "Unknown Stage": "Unbekannte Arena",
        "Wahoo World": "Flunder-Funpark",
        "Walleye Warehouse": "Kofferfisch-Lager",
      },
      "EN": {
        "Ancho-V Games": "Ancho-V Games",
        "Arowana Mall": "Arowana Mall",
        "Blackbelly Skatepark": "Blackbelly Skatepark",
        "Camp Triggerfish": "Camp Triggerfish",
        "Counterpick": "Counterpick",
        "Goby Arena": "Goby Arena",
        "Humpback Pump Track": "Humpback Pump Track",
        "Inkblot Art Academy": "Inkblot Art Academy",
        "Kelp Dome": "Kelp Dome",
        "MakoMart": "MakoMart",
        "Manta Maria": "Manta Maria",
        "Moray Towers": "Moray Towers",
        "Musselforge Fitness": "Musselforge Fitness",
        "New Albacore Hotel": "New Albacore Hotel",
        "Piranha Pit": "Piranha Pit",
        "Port Mackerel": "Port Mackerel",
        "Shellendorf Institute": "Shellendorf Institute",
        "Shifty Station": "Shifty Station",
        "Skipper Pavilion": "Skipper Pavilion",
        "Snapper Canal": "Snapper Canal",
        "Starfish Mainstage": "Starfish Mainstage",
        "Sturgeon Shipyard": "Sturgeon Shipyard",
        "The Reef": "The Reef",
        "Unknown Stage": "Unknown Stage",
        "Wahoo World": "Wahoo World",
        "Walleye Warehouse": "Walleye Warehouse",
      },
      "EU_FR": {
        "Ancho-V Games": "Tentatec Studio",
        "Arowana Mall": "Centre Arowana",
        "Blackbelly Skatepark": "Skatepark Mako",
        "Camp Triggerfish": "Hippo-Camping",
        "Counterpick": "Counterpick",
        "Goby Arena": "Stade Bernique",
        "Humpback Pump Track": "Piste Méroule",
        "Inkblot Art Academy": "Institut Calam'arts",
        "Kelp Dome": "Serre Goémon",
        "MakoMart": "Supermarché Cétacé",
        "Manta Maria": "Manta Maria",
        "Moray Towers": "Tours Girelle",
        "Musselforge Fitness": "Gymnase Ancrage",
        "New Albacore Hotel": "Hôtel Atoll",
        "Piranha Pit": "Carrière Caviar",
        "Port Mackerel": "Docks Haddock",
        "Shellendorf Institute": "Galerie des abysses",
        "Shifty Station": "Plateforme polymorphe",
        "Skipper Pavilion": "Lagune aux gobies",
        "Snapper Canal": "Canalamar",
        "Starfish Mainstage": "Scène Sirène",
        "Sturgeon Shipyard": "Chantier Narval",
        "The Reef": "Allées salées",
        "Unknown Stage": "Stage à déterminer",
        "Wahoo World": "Parc Carapince",
        "Walleye Warehouse": "Encrepôt",
      },
      "JA": {
        "Ancho-V Games": "アンチョビットゲームズ",
        "Arowana Mall": "アロワナモール",
        "Blackbelly Skatepark": "Ｂバスパーク",
        "Camp Triggerfish": "モンガラキャンプ場",
        "Counterpick": "カウンターピック",
        "Goby Arena": "アジフライスタジアム",
        "Humpback Pump Track": "コンブトラック",
        "Inkblot Art Academy": "海女美術大学",
        "Kelp Dome": "モズク農園",
        "MakoMart": "ザトウマーケット",
        "Manta Maria": "マンタマリア号",
        "Moray Towers": "タチウオパーキング",
        "Musselforge Fitness": "フジツボスポーツクラブ",
        "New Albacore Hotel": "ホテルニューオートロ",
        "Piranha Pit": "ショッツル鉱山",
        "Port Mackerel": "ホッケふ頭",
        "Shellendorf Institute": "デボン海洋博物館",
        "Shifty Station": "ミステリーゾーン",
        "Skipper Pavilion": "ムツゴ楼",
        "Snapper Canal": "エンガワ河川敷",
        "Starfish Mainstage": "ガンガゼ野外音楽堂",
        "Sturgeon Shipyard": "チョウザメ造船",
        "The Reef": "バッテラストリート",
        "Unknown Stage": "ステージ未選択",
        "Wahoo World": "スメーシーワールド",
        "Walleye Warehouse": "ハコフグ倉庫",
      },
    },
  },
  "SPLATOON_3": {
    "colors": [
      {
        "colors": [
          {
            "clrA": "#F56522",
            "clrB": "#821CD6",
            "clrNeutral": "#CDFF45",
            "index": 0,
            "isCustom": false,
            "title": "Orange vs Purple",
          },
          {
            "clrA": "#EDD921",
            "clrB": "#461EE6",
            "clrNeutral": "#4445FF",
            "index": 1,
            "isCustom": false,
            "title": "Yellow vs Dark Blue",
          },
          {
            "clrA": "#2ADBC6",
            "clrB": "#FA5A41",
            "clrNeutral": "#4445FF",
            "index": 2,
            "isCustom": false,
            "title": "Turquoise vs Orange",
          },
          {
            "clrA": "#FC7735",
            "clrB": "#4048DB",
            "clrNeutral": "#F8F755",
            "index": 3,
            "isCustom": false,
            "title": "Orange vs Dark Blue",
          },
          {
            "clrA": "#2ADBC3",
            "clrB": "#E34984",
            "clrNeutral": "#7577FF",
            "index": 4,
            "isCustom": false,
            "title": "Turquoise vs Pink",
          },
          {
            "clrA": "#2C2CDB",
            "clrB": "#F29C33",
            "clrNeutral": "#FF67EE",
            "index": 5,
            "isCustom": false,
            "title": "Dark Blue vs Orange",
          },
          {
            "clrA": "#EEFC58",
            "clrB": "#7635F0",
            "clrNeutral": "#54FDE8",
            "index": 6,
            "isCustom": false,
            "title": "Yellow vs Purple",
          },
          {
            "clrA": "#EBCC31",
            "clrB": "#A032DB",
            "clrNeutral": "#73DE35",
            "index": 7,
            "isCustom": false,
            "title": "Gold vs Purple",
          },
          {
            "clrA": "#B3DE45",
            "clrB": "#D43BCA",
            "clrNeutral": "#FFC042",
            "index": 8,
            "isCustom": false,
            "title": "Green vs Pink",
          },
          {
            "clrA": "#F753A1",
            "clrB": "#35CC2D",
            "clrNeutral": "#4A36FF",
            "index": 9,
            "isCustom": false,
            "title": "Pink vs Green",
          },
        ],
        "meta": {
          "name": "Ranked Modes",
        },
      },
      {
        "colors": [
          {
            "clrA": "#6236DF",
            "clrB": "#F0EB24",
            "clrNeutral": "#B82FB6",
            "index": 0,
            "isCustom": false,
            "title": "Purple vs Yellow",
          },
        ],
        "meta": {
          "name": "Color Lock (Variant 1)",
        },
      },
      {
        "colors": [
          {
            "clrA": "#2D63D7",
            "clrB": "#FDB605",
            "clrNeutral": "#8FD20C",
            "index": 0,
            "isCustom": false,
            "title": "Blue vs Orange",
          },
        ],
        "meta": {
          "name": "Color Lock (Variant 2)",
        },
      },
      {
        "colors": [
          {
            "clrA": "#000000",
            "clrB": "#FFFFFF",
            "clrNeutral": "#818181",
            "index": 0,
            "isCustom": true,
            "title": "Custom Color",
          },
        ],
        "meta": {
          "name": "Custom Color",
        },
      },
    ],
    "modes": {
      "DE": {
        "Clam Blitz": "Muschelchaos",
        "Rainmaker": "Operation Goldfisch",
        "Splat Zones": "Herrschaft",
        "Tower Control": "Turmkommando",
        "Turf War": "Revierkampf",
        "Unknown Mode": "Unbekannte Kampfart",
      },
      "EN": {
        "Clam Blitz": "Clam Blitz",
        "Rainmaker": "Rainmaker",
        "Splat Zones": "Splat Zones",
        "Tower Control": "Tower Control",
        "Turf War": "Turf War",
        "Unknown Mode": "Unknown Mode",
      },
      "EU_FR": {
        "Clam Blitz": "Pluie de palourdes",
        "Rainmaker": "Mission Bazookarpe",
        "Splat Zones": "Défense de zone",
        "Tower Control": "Expédition risquée",
        "Turf War": "Guerre de territoire",
        "Unknown Mode": "Mode à déterminer",
      },
      "JA": {
        "Clam Blitz": "ガチアサリ",
        "Rainmaker": "ガチホコバトル",
        "Splat Zones": "ガチエリア",
        "Tower Control": "ガチヤグラ",
        "Turf War": "ナワバリバトル",
        "Unknown Mode": "ルール未選択",
      },
    },
    "stageImagePaths": {
      "Barnacle & Dime": "splatoon3/S3_Stage_Barnacle_&_Dime.webp",
      "Bluefin Depot": "splatoon3/S3_Stage_Bluefin_Depot.webp",
      "Brinewater Springs": "splatoon3/S3_Stage_Brinewater_Springs.webp",
      "Crableg Capital": "splatoon3/S3_Stage_Crableg_Capital.webp",
      "Eeltail Alley": "splatoon3/S3_Stage_Eeltail_Alley.webp",
      "Flounder Heights": "splatoon3/S3_Stage_Flounder_Heights.webp",
      "Hagglefish Market": "splatoon3/S3_Stage_Hagglefish_Market.webp",
      "Hammerhead Bridge": "splatoon3/S3_Stage_Hammerhead_Bridge.webp",
      "Humpback Pump Track": "splatoon3/S3_Stage_Humpback_Pump_Track.webp",
      "Inkblot Art Academy": "splatoon3/S3_Stage_Inkblot_Art_Academy.webp",
      "Mahi-Mahi Resort": "splatoon3/S3_Stage_Mahi_Mahi_Resort.webp",
      "MakoMart": "splatoon3/S3_Stage_MakoMart.webp",
      "Manta Maria": "splatoon3/S3_Stage_Manta_Maria.webp",
      "Marlin Airport": "splatoon3/S3_Marlin_Airport_Fresh_Season_2024_trailer.webp",
      "Mincemeat Metalworks": "splatoon3/S3_Stage_Mincemeat_Metalworks.webp",
      "Museum d'Alfonsino": "splatoon3/S3_Stage_Museum_dAlfonsino.webp",
      "Robo ROM-en": "splatoon3/S3_Stage_Robo_ROM-en.webp",
      "Scorch Gorge": "splatoon3/S3_Stage_Scorch_Gorge.webp",
      "Shipshape Cargo Co.": "splatoon3/S3_Stage_Shipshape_Cargo_Co..webp",
      "Sturgeon Shipyard": "splatoon3/S3_Stage_Sturgeon_Shipyard.webp",
      "Um'ami Ruins": "splatoon3/S3_Stage_Umami_Ruins.webp",
      "Undertow Spillway": "splatoon3/S3_Stage_Undertow_Spillway.webp",
      "Wahoo World": "splatoon3/S3_Stage_Wahoo_World.webp",
    },
    "stages": {
      "DE": {
        "Barnacle & Dime": "Talerfisch & Pock",
        "Bluefin Depot": "Blauflossen-Depot",
        "Brinewater Springs": "Kusaya-Quellen",
        "Counterpick": "Counterpick",
        "Crableg Capital": "Majidae Skyline",
        "Eeltail Alley": "Streifenaal-Straße",
        "Flounder Heights": "Schollensiedlung",
        "Hagglefish Market": "Schnapperchen-Basar",
        "Hammerhead Bridge": "Makrelenbrücke",
        "Humpback Pump Track": "Buckelwal-Piste",
        "Inkblot Art Academy": "Perlmutt-Akademie",
        "Mahi-Mahi Resort": "Mahi-Mahi-Resort",
        "MakoMart": "Cetacea-Markt",
        "Manta Maria": "Manta Maria",
        "Marlin Airport": "La Ola Airport",
        "Mincemeat Metalworks": "Aalstahl-Metallwerk",
        "Museum d'Alfonsino": "Pinakoithek",
        "Robo ROM-en": "ROM & RAMen",
        "Scorch Gorge": "Sengkluft",
        "Shipshape Cargo Co.": "Cargo Ship Heavyfish",
        "Sturgeon Shipyard": "Störwerft",
        "Um'ami Ruins": "Um'ami-Ruinen",
        "Undertow Spillway": "Schwertmuschel-Reservoir",
        "Unknown Stage": "Unbekannte Arena",
        "Wahoo World": "Flunder-Funpark",
      },
      "EN": {
        "Barnacle & Dime": "Barnacle & Dime",
        "Bluefin Depot": "Bluefin Depot",
        "Brinewater Springs": "Brinewater Springs",
        "Counterpick": "Counterpick",
        "Crableg Capital": "Crableg Capital",
        "Eeltail Alley": "Eeltail Alley",
        "Flounder Heights": "Flounder Heights",
        "Hagglefish Market": "Hagglefish Market",
        "Hammerhead Bridge": "Hammerhead Bridge",
        "Humpback Pump Track": "Humpback Pump Track",
        "Inkblot Art Academy": "Inkblot Art Academy",
        "Mahi-Mahi Resort": "Mahi-Mahi Resort",
        "MakoMart": "MakoMart",
        "Manta Maria": "Manta Maria",
        "Marlin Airport": "Marlin Airport",
        "Mincemeat Metalworks": "Mincemeat Metalworks",
        "Museum d'Alfonsino": "Museum d'Alfonsino",
        "Robo ROM-en": "Robo ROM-en",
        "Scorch Gorge": "Scorch Gorge",
        "Shipshape Cargo Co.": "Shipshape Cargo Co.",
        "Sturgeon Shipyard": "Sturgeon Shipyard",
        "Um'ami Ruins": "Um'ami Ruins",
        "Undertow Spillway": "Undertow Spillway",
        "Unknown Stage": "Unknown Stage",
        "Wahoo World": "Wahoo World",
      },
      "EU_FR": {
        "Barnacle & Dime": "Halles de Port-merlu",
        "Bluefin Depot": "Mine Marine",
        "Brinewater Springs": "Sources Sauret",
        "Counterpick": "Counterpick",
        "Crableg Capital": "Quartier Crabe-ciels",
        "Eeltail Alley": "Banlieue Balibot",
        "Flounder Heights": "Lotissement Filament",
        "Hagglefish Market": "Marché Grefin",
        "Hammerhead Bridge": "Pont Esturgeon",
        "Humpback Pump Track": "Piste Méroule",
        "Inkblot Art Academy": "Institut Calam'arts",
        "Mahi-Mahi Resort": "Club Ca$halot",
        "MakoMart": "Supermarché Cétacé",
        "Manta Maria": "Manta Maria",
        "Marlin Airport": "Terminal Rorqual",
        "Mincemeat Metalworks": "Casse Rascasse",
        "Museum d'Alfonsino": "Galeries Guppy",
        "Robo ROM-en": "Arène Méca-ramen",
        "Scorch Gorge": "Canyon aux colonnes",
        "Shipshape Cargo Co.": "Chaland Flétan",
        "Sturgeon Shipyard": "Chantier Narval",
        "Um'ami Ruins": "Ruines Uma'mi",
        "Undertow Spillway": "Réservoir Rigadelle",
        "Unknown Stage": "Stage à déterminer",
        "Wahoo World": "Parc Carapince",
      },
      "JA": {
        "Barnacle & Dime": "タラポートショッピングパーク",
        "Bluefin Depot": "ネギトロ炭鉱",
        "Brinewater Springs": "クサヤ温泉",
        "Counterpick": "カウンターピック",
        "Crableg Capital": "タカアシ経済特区",
        "Eeltail Alley": "ゴンズイ地区",
        "Flounder Heights": "ヒラメが丘団地",
        "Hagglefish Market": "ヤガラ市場",
        "Hammerhead Bridge": "マサバ海峡大橋",
        "Humpback Pump Track": "コンブトラック",
        "Inkblot Art Academy": "海女美術大学",
        "Mahi-Mahi Resort": "マヒマヒリゾート＆スパ",
        "MakoMart": "ザトウマーケット",
        "Manta Maria": "マンタマリア号",
        "Marlin Airport": "カジキ空港",
        "Mincemeat Metalworks": "ナメロウ金属",
        "Museum d'Alfonsino": "キンメダイ美術館",
        "Robo ROM-en": "バイガイ亭",
        "Scorch Gorge": "ユノハナ大渓谷",
        "Shipshape Cargo Co.": "オヒョウ海運",
        "Sturgeon Shipyard": "チョウザメ造船",
        "Um'ami Ruins": "ナンプラー遺跡",
        "Undertow Spillway": "マテガイ放水路",
        "Unknown Stage": "ステージ未選択",
        "Wahoo World": "スメーシーワールド",
      },
    },
  },
}
`;
