// Jest Snapshot v1, https://goo.gl/fbAQLP

exports[`gameData perGameData matches snapshot 1`] = `
Object {
  "SPLATOON_2": Object {
    "colors": Array [
      Object {
        "colors": Array [
          Object {
            "clrA": "#37FC00",
            "clrB": "#7D28FC",
            "clrNeutral": "#F4067E",
            "index": 0,
            "isCustom": false,
            "title": "Green vs Grape",
          },
          Object {
            "clrA": "#04D976",
            "clrB": "#D600AB",
            "clrNeutral": "#D2E500",
            "index": 1,
            "isCustom": false,
            "title": "Green vs Magenta",
          },
          Object {
            "clrA": "#10E38F",
            "clrB": "#FB7B08",
            "clrNeutral": "#6912CD",
            "index": 2,
            "isCustom": false,
            "title": "Turquoise vs Orange",
          },
          Object {
            "clrA": "#FF9E03",
            "clrB": "#B909E0",
            "clrNeutral": "#08C66B",
            "index": 3,
            "isCustom": false,
            "title": "Mustard vs Purple",
          },
          Object {
            "clrA": "#2F27CC",
            "clrB": "#37FC00",
            "clrNeutral": "#EA01B7",
            "index": 4,
            "isCustom": false,
            "title": "Dark Blue vs Green",
          },
          Object {
            "clrA": "#B909E0",
            "clrB": "#37FC00",
            "clrNeutral": "#F87604",
            "index": 5,
            "isCustom": false,
            "title": "Purple vs Green",
          },
          Object {
            "clrA": "#FEF232",
            "clrB": "#2ED2FE",
            "clrNeutral": "#FD5600",
            "index": 6,
            "isCustom": false,
            "title": "Yellow vs Blue",
          },
        ],
        "meta": Object {
          "name": "Ranked Modes",
        },
      },
      Object {
        "colors": Array [
          Object {
            "clrA": "#D1E004",
            "clrB": "#960CB2",
            "clrNeutral": "#0EB962",
            "index": 0,
            "isCustom": false,
            "title": "Yellow vs Purple",
          },
          Object {
            "clrA": "#E61077",
            "clrB": "#361CB8",
            "clrNeutral": "#24C133",
            "index": 1,
            "isCustom": false,
            "title": "Pink vs Blue",
          },
          Object {
            "clrA": "#ED0C6A",
            "clrB": "#D5E802",
            "clrNeutral": "#08C24D",
            "index": 2,
            "isCustom": false,
            "title": "Pink vs Yellow",
          },
          Object {
            "clrA": "#6B10CC",
            "clrB": "#08CC81",
            "clrNeutral": "#EB246D",
            "index": 3,
            "isCustom": false,
            "title": "Purple vs Turquoise",
          },
          Object {
            "clrA": "#E30960",
            "clrB": "#02ADCF",
            "clrNeutral": "#DDE713",
            "index": 4,
            "isCustom": false,
            "title": "Pink vs Light Blue",
          },
          Object {
            "clrA": "#5617C2",
            "clrB": "#FF5F03",
            "clrNeutral": "#ACE81E",
            "index": 5,
            "isCustom": false,
            "title": "Purple vs Orange",
          },
          Object {
            "clrA": "#E60572",
            "clrB": "#1BBF0F",
            "clrNeutral": "#CCE50C",
            "index": 6,
            "isCustom": false,
            "title": "Pink vs Green",
          },
          Object {
            "clrA": "#F1CE33",
            "clrB": "#4B12BE",
            "clrNeutral": "#E62E96",
            "index": 7,
            "isCustom": false,
            "title": "Yellow vs Blue",
          },
        ],
        "meta": Object {
          "name": "Turf War",
        },
      },
      Object {
        "colors": Array [
          Object {
            "clrA": "#FEF232",
            "clrB": "#2F27CC",
            "clrNeutral": "#DC1589",
            "index": 0,
            "isCustom": false,
            "title": "Yellow vs Blue (Color Lock)",
          },
        ],
        "meta": Object {
          "name": "Color Lock",
        },
      },
      Object {
        "colors": Array [
          Object {
            "clrA": "#000000",
            "clrB": "#FFFFFF",
            "clrNeutral": "#818181",
            "index": 0,
            "isCustom": true,
            "title": "Custom Color",
          },
        ],
        "meta": Object {
          "name": "Custom Color",
        },
      },
    ],
    "modes": Object {
      "DE": Object {
        "Clam Blitz": "Muschelchaos",
        "Rainmaker": "Operation Goldfisch",
        "Splat Zones": "Herrschaft",
        "Tower Control": "Turmkommando",
        "Turf War": "Revierkampf",
        "Unknown Mode": "Unbekannte Kampfart",
      },
      "EN": Object {
        "Clam Blitz": "Clam Blitz",
        "Rainmaker": "Rainmaker",
        "Splat Zones": "Splat Zones",
        "Tower Control": "Tower Control",
        "Turf War": "Turf War",
        "Unknown Mode": "Unknown Mode",
      },
    },
    "stages": Object {
      "DE": Object {
        "Ancho-V Games": "Anchobit Games HQ",
        "Arowana Mall": "Arowana Center",
        "Blackbelly Skatepark": "Punkasius-Skatepark",
        "Camp Triggerfish": "Camp Schützenfisch",
        "Counterpick": "Counterpick",
        "Goby Arena": "Backfisch-Stadion",
        "Humpback Pump Track": "Buckelwal-Piste",
        "Inkblot Art Academy": "Perlmutt-Akademie",
        "Kelp Dome": "Tümmlerkuppel",
        "MakoMart": "Cetacea-Markt",
        "Manta Maria": "Manta Maria",
        "Moray Towers": "Muränentürme",
        "Musselforge Fitness": "Molluskelbude",
        "New Albacore Hotel": "Hotel Neothun",
        "Piranha Pit": "Steinköhler-Grube",
        "Port Mackerel": "Heilbutt-Hafen",
        "Shellendorf Institute": "Abyssal-Museum",
        "Shifty Station": "Wandelzone",
        "Skipper Pavilion": "Grundel-Pavillon",
        "Snapper Canal": "Grätenkanal",
        "Starfish Mainstage": "Seeigel-Rockbühne",
        "Sturgeon Shipyard": "Störwerft",
        "The Reef": "Korallenviertel",
        "Unknown Stage": "Unbekannte Arena",
        "Wahoo World": "Flunder-Funpark",
        "Walleye Warehouse": "Kofferfisch-Lager",
      },
      "EN": Object {
        "Ancho-V Games": "Ancho-V Games",
        "Arowana Mall": "Arowana Mall",
        "Blackbelly Skatepark": "Blackbelly Skatepark",
        "Camp Triggerfish": "Camp Triggerfish",
        "Counterpick": "Counterpick",
        "Goby Arena": "Goby Arena",
        "Humpback Pump Track": "Humpback Pump Track",
        "Inkblot Art Academy": "Inkblot Art Academy",
        "Kelp Dome": "Kelp Dome",
        "MakoMart": "MakoMart",
        "Manta Maria": "Manta Maria",
        "Moray Towers": "Moray Towers",
        "Musselforge Fitness": "Musselforge Fitness",
        "New Albacore Hotel": "New Albacore Hotel",
        "Piranha Pit": "Piranha Pit",
        "Port Mackerel": "Port Mackerel",
        "Shellendorf Institute": "Shellendorf Institute",
        "Shifty Station": "Shifty Station",
        "Skipper Pavilion": "Skipper Pavilion",
        "Snapper Canal": "Snapper Canal",
        "Starfish Mainstage": "Starfish Mainstage",
        "Sturgeon Shipyard": "Sturgeon Shipyard",
        "The Reef": "The Reef",
        "Unknown Stage": "Unknown Stage",
        "Wahoo World": "Wahoo World",
        "Walleye Warehouse": "Walleye Warehouse",
      },
    },
  },
  "SPLATOON_3": Object {
    "colors": Array [
      Object {
        "colors": Array [
          Object {
            "clrA": "#F753A1",
            "clrB": "#35CC2D",
            "clrNeutral": "#4A36FF",
            "index": 0,
            "isCustom": false,
            "title": "Pink vs Green",
          },
          Object {
            "clrA": "#EBCC31",
            "clrB": "#A032DB",
            "clrNeutral": "#73DE35",
            "index": 1,
            "isCustom": false,
            "title": "Gold vs Purple",
          },
          Object {
            "clrA": "#2ADBC3",
            "clrB": "#E34984",
            "clrNeutral": "#7577FF",
            "index": 2,
            "isCustom": false,
            "title": "Turquoise vs Pink",
          },
          Object {
            "clrA": "#F56522",
            "clrB": "#821CD6",
            "clrNeutral": "#CDFF45",
            "index": 3,
            "isCustom": false,
            "title": "Orange vs Purple",
          },
          Object {
            "clrA": "#EEFC58",
            "clrB": "#7635F0",
            "clrNeutral": "#54FDE8",
            "index": 4,
            "isCustom": false,
            "title": "Yellow vs Purple",
          },
          Object {
            "clrA": "#FC7735",
            "clrB": "#4048DB",
            "clrNeutral": "#F8F755",
            "index": 5,
            "isCustom": false,
            "title": "Orange vs Dark Blue",
          },
          Object {
            "clrA": "#2ADBC6",
            "clrB": "#FA5A41",
            "clrNeutral": "#4445FF",
            "index": 6,
            "isCustom": false,
            "title": "Turquoise vs Orange",
          },
          Object {
            "clrA": "#EDD921",
            "clrB": "#461EE6",
            "clrNeutral": "#4445FF",
            "index": 7,
            "isCustom": false,
            "title": "Yellow vs Dark Blue",
          },
          Object {
            "clrA": "#2C2CDB",
            "clrB": "#F29C33",
            "clrNeutral": "#FF67EE",
            "index": 8,
            "isCustom": false,
            "title": "Dark Blue vs Orange",
          },
          Object {
            "clrA": "#B3DE45",
            "clrB": "#D43BCA",
            "clrNeutral": "#FFC042",
            "index": 9,
            "isCustom": false,
            "title": "Green vs Pink",
          },
        ],
        "meta": Object {
          "name": "Ranked Modes",
        },
      },
      Object {
        "colors": Array [
          Object {
            "clrA": "#000000",
            "clrB": "#FFFFFF",
            "clrNeutral": "#818181",
            "index": 0,
            "isCustom": true,
            "title": "Custom Color",
          },
        ],
        "meta": Object {
          "name": "Custom Color",
        },
      },
    ],
    "modes": Object {
      "DE": Object {
        "Clam Blitz": "Muschelchaos",
        "Rainmaker": "Operation Goldfisch",
        "Splat Zones": "Herrschaft",
        "Tower Control": "Turmkommando",
        "Turf War": "Revierkampf",
        "Unknown Mode": "Unbekannte Kampfart",
      },
      "EN": Object {
        "Clam Blitz": "Clam Blitz",
        "Rainmaker": "Rainmaker",
        "Splat Zones": "Splat Zones",
        "Tower Control": "Tower Control",
        "Turf War": "Turf War",
        "Unknown Mode": "Unknown Mode",
      },
    },
    "stages": Object {
      "DE": Object {
        "Counterpick": "Counterpick",
        "Eeltail Alley": "Streifenaal-Straße",
        "Hagglefish Market": "Schnapperchen-Basar",
        "Hammerhead Bridge": "Makrelenbrücke",
        "Inkblot Art Academy": "Perlmutt-Akademie",
        "Mahi-Mahi Resort": "Mahi-Mahi-Resort",
        "MakoMart": "Cetacea-Markt",
        "Mincemeat Metalworks": "Aalstahl-Metallwerk",
        "Museum d'Alfonsino": "Pinakoithek",
        "Scorch Gorge": "Sengkluft",
        "Sturgeon Shipyard": "Störwerft",
        "Undertow Spillway": "Schwertmuschel-Reservoir",
        "Unknown Stage": "Unbekannte Arena",
        "Wahoo World": "Flunder-Funpark",
      },
      "EN": Object {
        "Counterpick": "Counterpick",
        "Eeltail Alley": "Eeltail Alley",
        "Hagglefish Market": "Hagglefish Market",
        "Hammerhead Bridge": "Hammerhead Bridge",
        "Inkblot Art Academy": "Inkblot Art Academy",
        "Mahi-Mahi Resort": "Mahi-Mahi Resort",
        "MakoMart": "MakoMart",
        "Mincemeat Metalworks": "Mincemeat Metalworks",
        "Museum d'Alfonsino": "Museum d'Alfonsino",
        "Scorch Gorge": "Scorch Gorge",
        "Sturgeon Shipyard": "Sturgeon Shipyard",
        "Undertow Spillway": "Undertow Spillway",
        "Unknown Stage": "Unknown Stage",
        "Wahoo World": "Wahoo World",
      },
    },
  },
}
`;
