// Jest Snapshot v1, https://goo.gl/fbAQLP

exports[`ObsDataPicker matches snapshot 1`] = `
"<div class=\\"ipl-space color-dark\\" data-v-11cc5f1c=\\"\\">
  <ipl-select-stub modelvalue=\\"Scene One\\" label=\\"Gameplay scene\\" options=\\"[object Object],[object Object],[object Object]\\" disabled=\\"false\\" data-test=\\"gameplay-scene-select\\"></ipl-select-stub>
  <ipl-select-stub modelvalue=\\"Scene Two\\" label=\\"Intermission scene\\" options=\\"[object Object],[object Object],[object Object]\\" disabled=\\"false\\" data-test=\\"intermission-scene-select\\" class=\\"m-t-8\\"></ipl-select-stub>
  <ipl-select-stub modelvalue=\\"Fade\\" label=\\"Scene transition\\" options=\\"[object Object],[object Object]\\" disabled=\\"false\\" data-test=\\"transition-select\\" class=\\"m-t-8\\"></ipl-select-stub>
  <ipl-button-stub label=\\"Update\\" color=\\"blue\\" disabled=\\"false\\" async=\\"false\\" progressmessage=\\"Working...\\" successmessage=\\"Done!\\" requiresconfirmation=\\"false\\" shortconfirmationmessage=\\"false\\" small=\\"false\\" disableonsuccess=\\"false\\" href=\\"\\" class=\\"m-t-8\\" data-test=\\"update-button\\"></ipl-button-stub>
</div>"
`;

exports[`ObsDataPicker matches snapshot without scene or transition data 1`] = `
"<div class=\\"ipl-message__wrapper layout horizontal center-vertical ipl-message__type-info\\" data-v-5541e800=\\"\\">
  <font-awesome-icon-stub icon=\\"info-circle\\" border=\\"false\\" fixedwidth=\\"false\\" listitem=\\"false\\" pulse=\\"false\\" swapopacity=\\"false\\" spin=\\"false\\" symbol=\\"false\\" inverse=\\"false\\" class=\\"icon\\" data-v-5541e800=\\"\\"></font-awesome-icon-stub>
  <div class=\\"message-content\\" data-v-5541e800=\\"\\">
    <!----> OBS data is missing. Please connect to an OBS websocket to continue.
  </div>
</div>"
`;
