// Jest Snapshot v1, https://goo.gl/fbAQLP

exports[`NextMatchStarter matches snapshot 1`] = `
"<div data-v-24769743=\\"\\" class=\\"ipl-expansion-panel__content\\">
  <div data-v-24769743=\\"\\" class=\\"ipl-expansion-panel__header\\">
    <div data-v-24769743=\\"\\" class=\\"ipl-expansion-panel__header-background\\"></div>
    <div data-v-24769743=\\"\\" class=\\"ipl-expansion-panel__title\\">Begin Next Match</div>
    <font-awesome-icon-stub data-v-24769743=\\"\\" icon=\\"chevron-left\\" border=\\"false\\" fixedwidth=\\"false\\" flip=\\"false\\" listitem=\\"false\\" pulse=\\"false\\" swapopacity=\\"false\\" spin=\\"false\\" symbol=\\"false\\" inverse=\\"false\\" bounce=\\"false\\" shake=\\"false\\" beat=\\"false\\" fade=\\"false\\" beatfade=\\"false\\" flash=\\"false\\" spinpulse=\\"false\\" spinreverse=\\"false\\" class=\\"icon\\"></font-awesome-icon-stub>
    <div data-v-24769743=\\"\\" class=\\"header-extra\\"></div>
  </div>
  <div data-v-24769743=\\"\\" class=\\"content\\" style=\\"display: none;\\">
    <ipl-data-row-stub label=\\"Team A\\" value=\\"cool team A\\"></ipl-data-row-stub>
    <ipl-data-row-stub label=\\"Team B\\" value=\\"cool team B (long name long name long name lo...\\"></ipl-data-row-stub>
    <ipl-data-row-stub label=\\"Round\\" value=\\"dope round\\"></ipl-data-row-stub>
    <begin-next-match-stub roundname=\\"dope round\\" class=\\"m-t-4\\"></begin-next-match-stub>
  </div>
</div>"
`;
