// Jest Snapshot v1, https://goo.gl/fbAQLP

exports[`ScoreboardEditor matches snapshot 1`] = `
"<div class=\\"ipl-expansion-panel__content\\" data-v-1dcbcc2a=\\"\\">
  <div class=\\"ipl-expansion-panel__header layout horizontal center-vertical\\" data-v-1dcbcc2a=\\"\\">
    <div class=\\"ipl-expansion-panel__header-background\\" data-v-1dcbcc2a=\\"\\"></div>
    <div class=\\"ipl-expansion-panel__title\\" data-v-1dcbcc2a=\\"\\">Scoreboard</div>
    <font-awesome-icon-stub icon=\\"chevron-left\\" border=\\"false\\" fixedwidth=\\"false\\" listitem=\\"false\\" pulse=\\"false\\" swapopacity=\\"false\\" spin=\\"false\\" symbol=\\"false\\" inverse=\\"false\\" class=\\"icon\\" data-v-1dcbcc2a=\\"\\"></font-awesome-icon-stub>
    <div class=\\"header-extra\\" data-v-1dcbcc2a=\\"\\"></div>
  </div>
  <div class=\\"content\\" data-v-1dcbcc2a=\\"\\" style=\\"display: none;\\">
    <ipl-data-row-stub label=\\"Flavor Text\\" value=\\"whoa\\"></ipl-data-row-stub>
    <ipl-toggle-stub modelvalue=\\"false\\" truelabel=\\"Show\\" falselabel=\\"Hide\\" useneutralcolors=\\"false\\" class=\\"m-t-8\\" data-test=\\"scoreboard-visible-toggle\\"></ipl-toggle-stub>
  </div>
</div>"
`;
